c:\users\naren\source\repos\cop4931\project_01\x64\debug\project_01.pch
c:\users\naren\source\repos\cop4931\project_01\x64\debug\vc143.pdb
c:\users\naren\source\repos\cop4931\project_01\x64\debug\pch.obj
c:\users\naren\source\repos\cop4931\project_01\x64\debug\form1.obj
c:\users\naren\source\repos\cop4931\project_01\x64\debug\cppclr_winformsproject.obj
c:\users\naren\source\repos\cop4931\project_01\x64\debug\assemblyinfo.obj
c:\users\naren\source\repos\cop4931\project_01\x64\debug\acandlestickloader.obj
c:\users\naren\source\repos\cop4931\project_01\x64\debug\acandlestick.obj
c:\users\naren\source\repos\cop4931\project_01\x64\debug\.netframework,version=v4.7.2.assemblyattributes.obj
c:\users\naren\source\repos\cop4931\x64\debug\project_01.exe
c:\users\naren\source\repos\cop4931\x64\debug\project_01.pdb
c:\users\naren\source\repos\cop4931\project_01\x64\debug\app.res
c:\users\naren\source\repos\cop4931\project_01\x64\debug\project_01.tlog\cl.command.1.tlog
c:\users\naren\source\repos\cop4931\project_01\x64\debug\project_01.tlog\cl.items.tlog
c:\users\naren\source\repos\cop4931\project_01\x64\debug\project_01.tlog\cl.read.1.tlog
c:\users\naren\source\repos\cop4931\project_01\x64\debug\project_01.tlog\cl.write.1.tlog
c:\users\naren\source\repos\cop4931\project_01\x64\debug\project_01.tlog\link.command.1.tlog
c:\users\naren\source\repos\cop4931\project_01\x64\debug\project_01.tlog\link.read.1.tlog
c:\users\naren\source\repos\cop4931\project_01\x64\debug\project_01.tlog\link.secondary.1.tlog
c:\users\naren\source\repos\cop4931\project_01\x64\debug\project_01.tlog\link.write.1.tlog
c:\users\naren\source\repos\cop4931\project_01\x64\debug\project_01.tlog\metagen.read.1.tlog
c:\users\naren\source\repos\cop4931\project_01\x64\debug\project_01.tlog\metagen.write.1.tlog
c:\users\naren\source\repos\cop4931\project_01\x64\debug\project_01.tlog\rc.command.1.tlog
c:\users\naren\source\repos\cop4931\project_01\x64\debug\project_01.tlog\rc.read.1.tlog
c:\users\naren\source\repos\cop4931\project_01\x64\debug\project_01.tlog\rc.write.1.tlog
c:\users\naren\source\repos\cop4931\project_01\x64\debug\project_01.tlog\resgen.command.1.tlog
c:\users\naren\source\repos\cop4931\project_01\x64\debug\project_01.tlog\resgen.read.1.tlog
c:\users\naren\source\repos\cop4931\project_01\x64\debug\project_01.tlog\resgen.write.1.tlog
